=== RUN   TestParticipantListProjectsOnlyOwnTeam
    access_control_test.go:21: cross-team project 2 leaked into participant listing
--- FAIL: TestParticipantListProjectsOnlyOwnTeam (0.00s)
=== RUN   TestParticipantCannotUseCrossTeamProjectSurfaces
=== RUN   TestParticipantCannotUseCrossTeamProjectSurfaces/project_detail
    access_control_test.go:42: status = 200, want one of [403 404]
=== RUN   TestParticipantCannotUseCrossTeamProjectSurfaces/project_task_listing
    access_control_test.go:42: status = 200, want one of [403 404]
=== RUN   TestParticipantCannotUseCrossTeamProjectSurfaces/project_patch
    access_control_test.go:42: status = 200, want one of [403 404]
=== NAME  TestParticipantCannotUseCrossTeamProjectSurfaces
    access_control_test.go:51: cross-team patch mutated project name: got attacker-controlled-name
--- FAIL: TestParticipantCannotUseCrossTeamProjectSurfaces (0.01s)
    --- FAIL: TestParticipantCannotUseCrossTeamProjectSurfaces/project_detail (0.00s)
    --- FAIL: TestParticipantCannotUseCrossTeamProjectSurfaces/project_task_listing (0.00s)
    --- FAIL: TestParticipantCannotUseCrossTeamProjectSurfaces/project_patch (0.00s)
=== RUN   TestParticipantCannotUseCrossTeamTaskSurfaces
=== RUN   TestParticipantCannotUseCrossTeamTaskSurfaces/task_detail
    access_control_test.go:71: status = 200, want one of [403 404]
=== RUN   TestParticipantCannotUseCrossTeamTaskSurfaces/task_patch
    access_control_test.go:71: status = 200, want one of [403 404]
=== RUN   TestParticipantCannotUseCrossTeamTaskSurfaces/task_delete
    access_control_test.go:71: status = 204, want one of [403 404]
=== NAME  TestParticipantCannotUseCrossTeamTaskSurfaces
    access_control_test.go:77: status = 404, want 200
--- FAIL: TestParticipantCannotUseCrossTeamTaskSurfaces (0.01s)
    --- FAIL: TestParticipantCannotUseCrossTeamTaskSurfaces/task_detail (0.00s)
    --- FAIL: TestParticipantCannotUseCrossTeamTaskSurfaces/task_patch (0.00s)
    --- FAIL: TestParticipantCannotUseCrossTeamTaskSurfaces/task_delete (0.00s)
=== RUN   TestParticipantCannotReadCrossTeamAttachment
    access_control_test.go:88: status = 200, want one of [403 404]
--- FAIL: TestParticipantCannotReadCrossTeamAttachment (0.00s)
=== RUN   TestParticipantCannotAccessAdminRoutes
=== RUN   TestParticipantCannotAccessAdminRoutes//admin/audit-log
    hardening_test.go:17: status = 200, want one of [403 404]
=== RUN   TestParticipantCannotAccessAdminRoutes//admin/reports/summary
    hardening_test.go:17: status = 200, want one of [403 404]
--- FAIL: TestParticipantCannotAccessAdminRoutes (0.00s)
    --- FAIL: TestParticipantCannotAccessAdminRoutes//admin/audit-log (0.00s)
    --- FAIL: TestParticipantCannotAccessAdminRoutes//admin/reports/summary (0.00s)
=== RUN   TestParticipantOperationalSurfacesAreBlockedOrSanitized
=== RUN   TestParticipantOperationalSurfacesAreBlockedOrSanitized/debug_users
    hardening_test.go:46: operational surface leaked sensitive marker "adm-token-plaintext": {"1":{"id":1,"name":"Ada Admin","team_id":0,"role":"admin","api_token":"adm-token-plaintext"},"2":{"id":2,"name":"Alice","team_id":10,"role":"participant","api_token":"alice-token-plaintext"},"3":{"id":3,"name":"Bob","team_id":20,"role":"participant","api_token":"bob-token-plaintext"}}
=== RUN   TestParticipantOperationalSurfacesAreBlockedOrSanitized/debug_config
    hardening_test.go:46: operational surface leaked sensitive marker "postgres://projecthub:secret@db/prod": {"api_key":"debug-key","database_url":"postgres://projecthub:secret@db/prod","jwt_secret":"dev-secret"}
=== RUN   TestParticipantOperationalSurfacesAreBlockedOrSanitized/debug_env
    hardening_test.go:51: operational surface remained participant-accessible: status=200 body=["HOSTNAME=d323ad89ad4a","GOLANG_VERSION=1.22.12","GOTOOLCHAIN=local","GOPATH=/go","DEBIAN_FRONTEND=noninteractive","HOME=/home/user","PATH=/usr/local/go/bin:/go/bin:/usr/local/go/bin:/usr/local/sbin:/usr/local/bin:/usr/sbin:/usr/bin:/sbin:/bin","PWD=/repo/projecthub"]
=== RUN   TestParticipantOperationalSurfacesAreBlockedOrSanitized/debug_dump
    hardening_test.go:51: operational surface remained participant-accessible: status=200 body={}
=== RUN   TestParticipantOperationalSurfacesAreBlockedOrSanitized/legacy_tasks
    hardening_test.go:51: operational surface remained participant-accessible: status=200 body={"1":{"id":1,"project_id":1,"title":"Design API","status":"open","internal_priority":9,"reviewer_notes":"SENTINEL_REVIEWER_NOTES_A","security_classification":"secret","estimated_cost":1200},"2":{"id":2,"project_id":2,"title":"Migrate DB","status":"open","internal_priority":7,"reviewer_notes":"SENTINEL_REVIEWER_NOTES_B","security_classification":"restricted","estimated_cost":2400}}
=== RUN   TestParticipantOperationalSurfacesAreBlockedOrSanitized/legacy_projects
    hardening_test.go:51: operational surface remained participant-accessible: status=200 body={"1":{"id":1,"team_id":10,"name":"Apollo","title":"Team A launch","internal_metrics":"SENTINEL_INTERNAL_METRICS_A","admin_config":"SENTINEL_ADMIN_CONFIG_A","budget_allocation":90000},"2":{"id":2,"team_id":20,"name":"Borealis","title":"Team B migration","internal_metrics":"SENTINEL_INTERNAL_METRICS_B","admin_config":"SENTINEL_ADMIN_CONFIG_B","budget_allocation":70000}}
--- FAIL: TestParticipantOperationalSurfacesAreBlockedOrSanitized (0.01s)
    --- FAIL: TestParticipantOperationalSurfacesAreBlockedOrSanitized/debug_users (0.00s)
    --- FAIL: TestParticipantOperationalSurfacesAreBlockedOrSanitized/debug_config (0.00s)
    --- FAIL: TestParticipantOperationalSurfacesAreBlockedOrSanitized/debug_env (0.00s)
    --- FAIL: TestParticipantOperationalSurfacesAreBlockedOrSanitized/debug_dump (0.00s)
    --- FAIL: TestParticipantOperationalSurfacesAreBlockedOrSanitized/legacy_tasks (0.00s)
    --- FAIL: TestParticipantOperationalSurfacesAreBlockedOrSanitized/legacy_projects (0.00s)
=== RUN   TestSearchDoesNotLeakCrossTeamDataViaInjectionPayloads
    hardening_test.go:68: search injection payload leaked cross-team or sensitive task data: [{"id":2,"project_id":2,"title":"Migrate DB","status":"open","internal_priority":7,"reviewer_notes":"SENTINEL_REVIEWER_NOTES_B","security_classification":"restricted","estimated_cost":2400},{"id":1,"project_id":1,"title":"Design API","status":"open","internal_priority":9,"reviewer_notes":"SENTINEL_REVIEWER_NOTES_A","security_classification":"secret","estimated_cost":1200}]
--- FAIL: TestSearchDoesNotLeakCrossTeamDataViaInjectionPayloads (0.00s)
=== RUN   TestGenerateReportRejectsShellMetacharactersAndDoesNotExposeCommand
    hardening_test.go:85: report generation exposed shell command construction: {"command":"reportgen --title 'Quarterly'; echo REPORT_PWNED #' --format pdf | cat /etc/passwd","status":"generated"}
--- FAIL: TestGenerateReportRejectsShellMetacharactersAndDoesNotExposeCommand (0.00s)
=== RUN   TestParticipantCannotMassAssignAdminOnlyFields
=== RUN   TestParticipantCannotMassAssignAdminOnlyFields/task_fields
    hardening_test.go:113: reviewer_notes was overwritten: ATTACKER_REVIEWER_NOTE
=== RUN   TestParticipantCannotMassAssignAdminOnlyFields/project_fields
    hardening_test.go:141: internal_metrics was overwritten: ATTACKER_INTERNAL_METRICS
--- FAIL: TestParticipantCannotMassAssignAdminOnlyFields (0.00s)
    --- FAIL: TestParticipantCannotMassAssignAdminOnlyFields/task_fields (0.00s)
    --- FAIL: TestParticipantCannotMassAssignAdminOnlyFields/project_fields (0.00s)
=== RUN   TestWebhookAndShareLinkUtilitiesAreHardened
=== RUN   TestWebhookAndShareLinkUtilitiesAreHardened/webhook_rejects_private_targets
    hardening_test.go:161: private-target webhook request was accepted: status=202 body={"status":"queued","webhook_url":"http://169.254.169.254/latest/meta-data/iam/security-credentials/"}
=== RUN   TestWebhookAndShareLinkUtilitiesAreHardened/share-link_tokens_are_not_predictable
    hardening_test.go:181: share token is derived directly from project id: "share-1"
--- FAIL: TestWebhookAndShareLinkUtilitiesAreHardened (0.00s)
    --- FAIL: TestWebhookAndShareLinkUtilitiesAreHardened/webhook_rejects_private_targets (0.00s)
    --- FAIL: TestWebhookAndShareLinkUtilitiesAreHardened/share-link_tokens_are_not_predictable (0.00s)
=== RUN   TestTraversalAndErrorPathsDoNotLeakInternals
=== RUN   TestTraversalAndErrorPathsDoNotLeakInternals/attachment_traversal
    hardening_test.go:200: attachment traversal leaked out-of-scope sentinel secret: {"body":"SENTINEL_ROOT_SECRET","path":"../../etc/passwd"}
=== RUN   TestTraversalAndErrorPathsDoNotLeakInternals/panic_path
    hardening_test.go:214: debug boom leaked stack or internal path detail: {"error":"panic in /repo/projecthub/main.go: simulated failure\ngoroutine stack runtime.go"}
--- FAIL: TestTraversalAndErrorPathsDoNotLeakInternals (0.00s)
    --- FAIL: TestTraversalAndErrorPathsDoNotLeakInternals/attachment_traversal (0.00s)
    --- FAIL: TestTraversalAndErrorPathsDoNotLeakInternals/panic_path (0.00s)
=== RUN   TestParticipantProjectDetailRedactsAdminFields
    redaction_test.go:67: internal_metrics leaked to participant: SENTINEL_INTERNAL_METRICS_A
--- FAIL: TestParticipantProjectDetailRedactsAdminFields (0.00s)
=== RUN   TestParticipantTaskViewsRedactSensitiveFieldsAndInternalComments
    redaction_test.go:81: internal_priority leaked to participant: 9
--- FAIL: TestParticipantTaskViewsRedactSensitiveFieldsAndInternalComments (0.00s)
=== RUN   TestParticipantProjectBundlesRedactSensitiveFieldsAcrossActions
=== RUN   TestParticipantProjectBundlesRedactSensitiveFieldsAcrossActions/export
    redaction_test.go:126: internal_metrics leaked to participant: SENTINEL_INTERNAL_METRICS_A
=== RUN   TestParticipantProjectBundlesRedactSensitiveFieldsAcrossActions/share
    redaction_test.go:126: internal_metrics leaked to participant: SENTINEL_INTERNAL_METRICS_A
=== RUN   TestParticipantProjectBundlesRedactSensitiveFieldsAcrossActions/duplicate
    redaction_test.go:126: internal_metrics leaked to participant: SENTINEL_INTERNAL_METRICS_A
--- FAIL: TestParticipantProjectBundlesRedactSensitiveFieldsAcrossActions (0.00s)
    --- FAIL: TestParticipantProjectBundlesRedactSensitiveFieldsAcrossActions/export (0.00s)
    --- FAIL: TestParticipantProjectBundlesRedactSensitiveFieldsAcrossActions/share (0.00s)
    --- FAIL: TestParticipantProjectBundlesRedactSensitiveFieldsAcrossActions/duplicate (0.00s)
=== RUN   TestAdminProjectsStillShowAllTeamsWithAdminFields
--- PASS: TestAdminProjectsStillShowAllTeamsWithAdminFields (0.00s)
=== RUN   TestSameTeamParticipantWorkflowsRemainUsable
=== RUN   TestSameTeamParticipantWorkflowsRemainUsable/own-team_reads
=== RUN   TestSameTeamParticipantWorkflowsRemainUsable/own-team_create_comment_upload
=== RUN   TestSameTeamParticipantWorkflowsRemainUsable/own-team_actions
--- PASS: TestSameTeamParticipantWorkflowsRemainUsable (0.01s)
    --- PASS: TestSameTeamParticipantWorkflowsRemainUsable/own-team_reads (0.00s)
    --- PASS: TestSameTeamParticipantWorkflowsRemainUsable/own-team_create_comment_upload (0.00s)
    --- PASS: TestSameTeamParticipantWorkflowsRemainUsable/own-team_actions (0.00s)
=== RUN   TestSmokeHealthAndIdentity
--- PASS: TestSmokeHealthAndIdentity (0.00s)
=== RUN   TestSmokeParticipantProjectTaskCommentAttachmentFlow
--- PASS: TestSmokeParticipantProjectTaskCommentAttachmentFlow (0.00s)
=== RUN   TestSmokeProjectDuplicateShareExportAreParticipantFlows
--- PASS: TestSmokeProjectDuplicateShareExportAreParticipantFlows (0.00s)
=== RUN   TestSmokeAdminReportFlow
--- PASS: TestSmokeAdminReportFlow (0.00s)
FAIL
FAIL	projecthub/projecthub	0.085s
FAIL
